2026/01/18 21:01:40 Server starting on port: :8080 ...
2026/01/18 21:04:00 METHOD: POST --- PATH: /register --- DURATION: 64.2138ms
2026/01/18 21:04:16 METHOD: GET --- PATH: /abracadabra --- DURATION: 6.1988ms
2026/01/18 21:04:46 Shutting down...
2026/01/18 21:04:46 Closing DB connection...
2026/01/18 21:04:46 Server stopped gracefully
2026/01/18 21:34:08 Server starting on port: :8080 ...
2026/01/18 21:34:24 METHOD: GET --- PATH: /abracadabra --- DURATION: 2.5414ms
2026/01/18 21:34:25 METHOD: GET --- PATH: /abracadabra --- DURATION: 0s
2026/01/18 21:34:26 METHOD: GET --- PATH: /abracadabra --- DURATION: 0s
2026/01/18 21:34:26 METHOD: GET --- PATH: /abracadabra --- DURATION: 0s
2026/01/18 21:34:27 METHOD: GET --- PATH: /abracadabra --- DURATION: 0s
2026/01/18 21:34:27 METHOD: GET --- PATH: /abracadabra --- DURATION: 0s
2026/01/18 21:34:28 METHOD: GET --- PATH: /abracadabra --- DURATION: 0s
2026/01/18 21:36:00 METHOD: GET --- PATH: /anything --- DURATION: 5.4233ms
2026/01/18 21:36:00 METHOD: GET --- PATH: /anything --- DURATION: 3.4444ms
2026/01/18 21:36:00 METHOD: GET --- PATH: /anything --- DURATION: 503.9µs
2026/01/18 21:36:00 METHOD: GET --- PATH: /anything --- DURATION: 0s
2026/01/18 21:36:00 METHOD: GET --- PATH: /anything --- DURATION: 0s
2026/01/18 21:36:04 METHOD: GET --- PATH: /anything --- DURATION: 0s
2026/01/18 21:36:04 METHOD: GET --- PATH: /anything --- DURATION: 0s
2026/01/18 21:36:04 METHOD: GET --- PATH: /anything --- DURATION: 1.6203ms
2026/01/18 21:36:04 METHOD: GET --- PATH: /anything --- DURATION: 0s
2026/01/18 21:36:04 METHOD: GET --- PATH: /anything --- DURATION: 0s
2026/01/18 21:39:24 Shutting down...
2026/01/18 21:39:24 Closing DB connection...
2026/01/18 21:39:24 Server stopped gracefully
2026/01/18 21:39:28 Server starting on port: :8080 ...
2026/01/18 21:39:35 METHOD: GET --- PATH: /anything --- DURATION: 2.736ms
2026/01/18 21:39:35 METHOD: GET --- PATH: /anything --- DURATION: 0s
2026/01/18 21:39:35 METHOD: GET --- PATH: /anything --- DURATION: 0s
2026/01/18 21:39:35 METHOD: GET --- PATH: /anything --- DURATION: 0s
2026/01/18 21:39:35 METHOD: GET --- PATH: /anything --- DURATION: 0s
2026/01/18 21:39:36 METHOD: GET --- PATH: /anything --- DURATION: 0s
2026/01/18 21:39:36 METHOD: GET --- PATH: /anything --- DURATION: 0s
2026/01/18 21:39:36 METHOD: GET --- PATH: /anything --- DURATION: 0s
2026/01/18 21:39:36 METHOD: GET --- PATH: /anything --- DURATION: 0s
2026/01/18 21:39:36 METHOD: GET --- PATH: /anything --- DURATION: 0s
2026/01/18 21:39:38 METHOD: GET --- PATH: /anything --- DURATION: 6.4117ms
2026/01/18 21:39:38 METHOD: GET --- PATH: /anything --- DURATION: 0s
2026/01/18 21:39:38 METHOD: GET --- PATH: /anything --- DURATION: 0s
2026/01/18 21:39:38 METHOD: GET --- PATH: /anything --- DURATION: 0s
2026/01/18 21:39:38 METHOD: GET --- PATH: /anything --- DURATION: 0s
2026/01/18 21:39:44 Shutting down...
2026/01/18 21:39:44 Closing DB connection...
2026/01/18 21:39:44 Server stopped gracefully
2026/01/18 21:51:43 Server starting on port: :8080 ...
2026/01/18 21:51:50 METHOD: GET --- PATH: /anything --- DURATION: 1.9307ms
2026/01/18 21:51:50 METHOD: GET --- PATH: /anything --- DURATION: 0s
2026/01/18 21:51:50 METHOD: GET --- PATH: /anything --- DURATION: 0s
2026/01/18 21:51:50 METHOD: GET --- PATH: /anything --- DURATION: 0s
2026/01/18 21:51:50 METHOD: GET --- PATH: /anything --- DURATION: 0s
2026/01/18 21:51:51 METHOD: GET --- PATH: /anything --- DURATION: 0s
2026/01/18 21:51:51 METHOD: GET --- PATH: /anything --- DURATION: 0s
2026/01/18 21:51:51 METHOD: GET --- PATH: /anything --- DURATION: 0s
2026/01/18 21:51:51 METHOD: GET --- PATH: /anything --- DURATION: 0s
2026/01/18 21:51:51 METHOD: GET --- PATH: /anything --- DURATION: 0s
2026/01/18 21:53:13 Shutting down...
2026/01/18 21:53:13 Closing DB connection...
2026/01/18 21:53:13 Server stopped gracefully
2026/01/18 21:53:17 Server starting on port: :8080 ...
2026/01/18 21:53:22 METHOD: GET --- PATH: /anything --- DURATION: 2.2407ms
2026/01/18 21:53:22 METHOD: GET --- PATH: /anything --- DURATION: 0s
2026/01/18 21:53:22 METHOD: GET --- PATH: /anything --- DURATION: 0s
2026/01/18 21:53:22 METHOD: GET --- PATH: /anything --- DURATION: 0s
2026/01/18 21:53:22 METHOD: GET --- PATH: /anything --- DURATION: 0s
2026/01/18 21:55:49 Shutting down...
2026/01/18 21:55:49 Closing DB connection...
2026/01/18 21:55:49 Server stopped gracefully
2026/01/18 21:56:24 Server starting on port: :8080 ...
2026/01/18 21:56:30 METHOD: GET --- PATH: /anything --- DURATION: 1.5118ms
2026/01/18 21:56:30 METHOD: GET --- PATH: /anything --- DURATION: 0s
2026/01/18 21:56:30 METHOD: GET --- PATH: /anything --- DURATION: 0s
2026/01/18 21:56:30 METHOD: GET --- PATH: /anything --- DURATION: 0s
2026/01/18 21:56:30 METHOD: GET --- PATH: /anything --- DURATION: 0s
2026/01/18 21:58:44 Shutting down...
2026/01/18 21:58:44 Closing DB connection...
2026/01/18 21:58:44 Server stopped gracefully
2026/01/18 21:58:51 Server starting on port: :8080 ...
2026/01/18 21:58:56 METHOD: GET --- PATH: /anything --- DURATION: 2.3904ms
2026/01/18 21:58:56 METHOD: GET --- PATH: /anything --- DURATION: 504.3µs
2026/01/18 21:58:56 METHOD: GET --- PATH: /anything --- DURATION: 0s
2026/01/18 21:58:56 METHOD: GET --- PATH: /anything --- DURATION: 0s
2026/01/18 21:58:56 METHOD: GET --- PATH: /anything --- DURATION: 0s
2026/01/18 21:59:10 METHOD: GET --- PATH: /anything --- DURATION: 8.7838ms
2026/01/18 21:59:10 METHOD: GET --- PATH: /anything --- DURATION: 506.1µs
2026/01/18 21:59:10 METHOD: GET --- PATH: /anything --- DURATION: 0s
2026/01/18 21:59:10 METHOD: GET --- PATH: /anything --- DURATION: 0s
2026/01/18 21:59:10 METHOD: GET --- PATH: /anything --- DURATION: 0s
2026/01/18 21:59:30 METHOD: GET --- PATH: /anything --- DURATION: 0s
2026/01/18 21:59:30 METHOD: GET --- PATH: /anything --- DURATION: 695.5µs
2026/01/18 21:59:30 METHOD: GET --- PATH: /anything --- DURATION: 0s
2026/01/18 21:59:30 METHOD: GET --- PATH: /anything --- DURATION: 0s
2026/01/18 21:59:30 METHOD: GET --- PATH: /anything --- DURATION: 0s
2026/01/18 21:59:44 METHOD: GET --- PATH: /anything --- DURATION: 385.9µs
2026/01/18 21:59:44 METHOD: GET --- PATH: /anything --- DURATION: 507.4µs
2026/01/18 21:59:44 METHOD: GET --- PATH: /anything --- DURATION: 0s
2026/01/18 21:59:44 METHOD: GET --- PATH: /anything --- DURATION: 0s
2026/01/18 21:59:44 METHOD: GET --- PATH: /anything --- DURATION: 0s
2026/01/18 22:06:15 Shutting down...
2026/01/18 22:06:15 Closing DB connection...
2026/01/18 22:06:15 Server stopped gracefully
2026/01/19 15:35:08 Server starting on port: :8080 ...
2026/01/19 15:35:16 Shutting down...
2026/01/19 15:35:16 Closing DB connection...
2026/01/19 15:35:26 Server starting on port: :8080 ...
2026/01/19 15:35:30 Shutting down...
2026/01/19 15:35:30 Closing DB connection...
2026/01/19 15:38:49 Server starting on port: :8080 ...
2026/01/19 15:38:54 Shutting down...
2026/01/19 15:38:54 Closing DB connection...
2026/01/19 15:38:54 Server stopped gracefully
2026/01/19 16:56:50 Server starting on port: :8080 ...
2026/01/19 16:58:30 METHOD: POST --- PATH: /register --- DURATION: 0s
2026/01/19 16:59:57 METHOD: POST --- PATH: /register --- DURATION: 107.6322ms
2026/01/19 17:00:16 METHOD: POST --- PATH: /login --- DURATION: 54.946ms
2026/01/19 17:00:59 METHOD: POST --- PATH: /save --- DURATION: 6.804ms
2026/01/19 17:01:14 METHOD: GET --- PATH: /bad_link --- DURATION: 1.0619ms
2026/01/19 17:01:15 METHOD: GET --- PATH: /another_missing --- DURATION: 0s
2026/01/19 17:01:35 METHOD: GET --- PATH: /metrics --- DURATION: 520.3µs
2026/01/19 17:04:14 Shutting down...
2026/01/19 17:04:14 Closing DB connection...
2026/01/19 17:04:14 Server stopped gracefully
